[
{"ID":1, "IPv4":"127.0.0.1", "TS": "2013-02-24 10:14:37"},
{"ID":2, "IPv4":"127.0.0.1", "TS": "2013-02-24 10:14:37"},
{"ID":1, "IPv4":"127.0.0.2", "TS": "2013-02-24 10:14:37"},
{"ID":2, "IPv4":"127.0.0.2", "TS": "2013-02-24 10:14:37"},
{"ID":2, "IPv4":"127.0.0.3", "TS": "2013-02-24 10:14:37"},
{"ID":3, "IPv4":"127.0.0.3", "TS": "2013-02-24 10:14:37"},
{"ID":3, "IPv4":"127.0.0.1", "TS": "2013-02-24 10:14:37"},
{"ID":4, "IPv4":"127.0.0.1", "TS": "2013-02-24 10:14:37"}
]